// Jest Snapshot v1, https://goo.gl/fbAQLP

exports[`index sayfası index sayfası çalışıyor 1`] = `[Function]`;
