// Jest Snapshot v1, https://goo.gl/fbAQLP

exports[`Kopru component Kopru componenti calisiyor 1`] = `[Function]`;
