// Jest Snapshot v1, https://goo.gl/fbAQLP

exports[`Kucukorta component Kucukorta resimleri set etme 1`] = `
VueWrapper {
  "_emitted": Object {},
  "_emittedByOrder": Array [],
  "isFunctionalComponent": undefined,
}
`;
