// Jest Snapshot v1, https://goo.gl/fbAQLP

exports[`Login sayfası login sayfası çalışıyor 1`] = `[Function]`;
