// Jest Snapshot v1, https://goo.gl/fbAQLP

exports[`Navbar component navbar itemleri set etme 1`] = `
VueWrapper {
  "_emitted": Object {},
  "_emittedByOrder": Array [],
  "isFunctionalComponent": undefined,
}
`;
