// Jest Snapshot v1, https://goo.gl/fbAQLP

exports[`newaccount component newaccount component set etme 1`] = `[Function]`;
