// Jest Snapshot v1, https://goo.gl/fbAQLP

exports[`Newmenu component menu itemleri set etme 1`] = `[Function]`;
